2026-07-23 11:48:47 UTC
221ccb0 [genie] fix UAF in extstore completion loop + genie_memd CM deadlock on disconnect

2026-07-23 12:02:04 UTC
f52b32f [genie] log CM peer ip:port, connect requests, and previously-swallowed CM events

2026-07-23 12:08:43 UTC
cd76f26 [genie] guest 10.99.0.3 reached CM and established cleanly; fault is client-side

2026-07-23 12:09:14 UTC
520ff6d [genie] retry #2: 40s up, still single QP, graceful close; ext_threads=2 as discriminator

2026-07-23 12:16:23 UTC
68f9e4e [genie] warn once when ibv_advise_mr(SYNC_FOR_CPU) fails; it returns EOPNOTSUPP on stock mlx5

2026-07-23 12:21:30 UTC
38dbf5e [genie] torn-read stress on non-TEE: retry path still never fires (0 retries, 0 badcrc, ASAN clean)

2026-07-23 12:25:05 UTC
17ef497 [genie] fault-injected retry path: both branches ASAN-clean; found get_misses not counted on badcrc

2026-07-23 12:31:14 UTC
e0f7887 [genie] add SIGUSR1 MR dump to genie_memd; survive signals instead of dying on EINTR

2026-07-23 12:37:22 UTC
36c67af [genie] ask #1: guest WRITE did not land (MR all zero, positive control passes); add --prefill

2026-07-23 12:40:56 UTC
24624cd [genie] dump: guest WRITE arrived carrying zeros (496B of 0x00 in the 0xAA field)

2026-07-23 12:46:34 UTC
41af207 [genie] add opt-in EXT_SELFTEST: write a known pattern to remote memory and read it back at init

2026-07-23 12:51:10 UTC
b110ab0 [genie] call ibv_advise_mr(SYNC_FOR_DEVICE) on staging before RDMA WRITE

2026-07-23 12:58:20 UTC
a1c4f93 [genie] non-TEE baseline numbers; correct the read_retries rule; 77 reads silently lost under write load

2026-07-23 13:06:30 UTC
bd2cf69 [genie] torn read permanently deletes the key (item_unlink on badcrc); add tools/torn-repro.sh

2026-07-23 13:08:33 UTC
c481673 [genie] verification FAIL: torn-read fix never executes (read_reresolved 0, 112 keys still lost)

2026-07-23 13:14:41 UTC
6d765a0 [genie] re-gate c1c408e: deletion fixed (curr_items 20000), but ~440 keys are now permanently unreadable

2026-07-23 13:23:54 UTC
5432858 [genie] badcrc diagnostic run: page_version intact, slot holds a valid foreign object, zero double-frees

2026-07-23 13:25:26 UTC
ca6e94d [admin] permission

2026-07-23 13:33:37 UTC
c277761 [genie] problem B: slot holds the SAME key's object — my aliasing theory is refuted

2026-07-23 13:45:22 UTC
3caa9ec [genie] server up on 10.99.0.2:11212 (prefilled, idle) — acceptance gate is clear to run

2026-07-23 13:47:25 UTC
ad0074a [genie] problem-B probes: sealed-vs-read length at badcrc, counters on the pre-read reject paths

2026-07-23 13:59:11 UTC
d097cc8 [genie] MR dump confirms the guest's selftest pattern and sealed object landed; acceptance gate independently verified

2026-07-23 14:03:47 UTC
45a565e [genie] problem B: stub len (500) disagrees with the sealed object len (499) at the same loc

2026-07-23 14:15:32 UTC
38f9d43 [genie] re-gate PASS at c739953: 0 badcrc, 0 retries, 0 misses, curr_items 20000 across read-only passes

2026-07-23 14:20:08 UTC
5349369 [genie] hold :11212 for the two-host D6 run; restarted once with a virgin prefilled MR

2026-07-23 14:23:43 UTC
f3efee0 [genie] stage tools/mixed-size-stress.sh; flag two capacity properties of the free-list reuse rule

2026-07-23 15:10:44 UTC
ed5eedb [admin]

2026-07-23 15:13:18 UTC
d0752fd [genie] confirm 128-QP accept path for the x8 sweep point; raise listen backlog 64 -> 1024

2026-07-23 15:14:19 UTC
0ac968f [genie] point ariel at the 128-QP result (commits crossed); flag two traps in the spans/write-batch work

2026-07-23 15:29:39 UTC
313bab4 [admin]

2026-07-23 15:30:41 UTC
7770560 [genie] accept standing authorization; propose an HCA token so SEV runs and loopback mirrors never overlap
c1cadb0 [ariel] D6 pre-run finding: SYNC advise ioctl ~95us dominates the ~100us span, exceeds 30us target alone; ask admin how to proceed (recommend investigating the advise cost first)

2026-07-23 15:32:13 UTC
6962413 [genie] measure the advise ioctl floor: ~0.6us flat in nsge on stock mlx5, so the guest's 95us is sync work

2026-07-23 15:33:46 UTC
5af4cfd [genie] channel entry for 6962413: advise ioctl floor ~0.6us, so the guest's 95us is sync work not call overhead

2026-07-23 15:37:21 UTC
fa510e9 [genie] stage tools/loopback-mirror.sh for the batch mirror; parses ariel's prof span stats

2026-07-23 16:27:23 UTC
3229d09 [admin]
7ec5ae1 [admin] merge: take remote D6 pre-run findings; drop local liveness-check draft
37904ac [admin]

2026-07-23 16:28:55 UTC
7fa4f34 [genie] ready for the post-reload gate; MR restarted virgin+prefilled so partial writes are distinguishable

2026-07-23 16:33:31 UTC
e413758 [admin]

2026-07-23 16:35:03 UTC
1e0cef4 [genie] outside observation: guest reachable on IPoIB, but zero RDMA activity since 15:36:59

2026-07-24 01:10:16 UTC
8825df7 [genie] retune mirror to 4M keys / -m 1024 to match ariel's RAM-adapted sweep; rebuild binary with prof stats

2026-07-24 01:18:27 UTC
76e354e [genie] restart genie_memd clean — gate unblocked; old listener was stale after the guest's mlx5_ib reload

2026-07-24 01:21:00 UTC
f97d107 [genie] mirror prints the sync/xfer breakout (e49469f); rebuild binary for the new prof symbols

2026-07-24 01:34:17 UTC
7425911 [genie] root cause: partial rebuild = ABI-skewed client, not a server fault; make clean fixes it

2026-07-24 01:39:55 UTC
4b8d693 [genie] MR dump: gatekey is whole ciphertext (105 contiguous bytes, no 0xAA tail); clamp not partial

2026-07-24 01:43:29 UTC
ca74350 [genie] gate closed (107 vs 105 = 2 coincidental 0xAA, clean decrypt proves whole); holding off-fabric for the sweep

2026-07-24 01:53:42 UTC
048217d [genie] hold through the guest resize; genie_memd unaffected; make-clean reminder for the redeployed client

2026-07-24 02:03:55 UTC
d806707 [genie] bounced to fresh verified listener 250803; evidence says the gate failure is guest-side RDMA bring-up

2026-07-24 02:15:40 UTC
d942250 [genie] neighbour refreshed (REACHABLE), ib_send_bw -R server up on 18515; guest port GUID unchanged across resize

2026-07-24 03:03:42 UTC
0299668 [genie] bounce listeners fresh + verified accepting; probes torn down; flag responder_resources as the likely REJECT cause

2026-07-24 03:34:23 UTC
5128655 [genie] retune mirror to 10M/-m2048 for the resized guest; holding off-fabric for the full sweep

2026-07-24 03:55:51 UTC
d4ec878 [genie] hold for ariel's throughput sweep; fresh genie_memd verified; mirror deferred (hit the same tracked-binary trap)

2026-07-24 09:34:41 UTC
0ed11bd [genie] restart virgin 4GiB genie_memd for incremental CPU runs

2026-07-24 12:13:37 UTC
6dc19a1 optimize encrypted extstore and document 30us frontier
2b4202d before sanitization

2026-08-03 07:37:06 UTC
56d968e [genie] cells ran unlabelled - my defect; re-running all 8

2026-08-03 07:39:08 UTC
50fa495 [genie] KD-U-GET-r1 — 13.798M ops/s
02bbb4c [ariel] The r1 cells are not lost: my windows match genie's numbers to 0.5%

2026-08-03 07:42:12 UTC
00139bd [genie] KD-Z-GET-r1 — 12.684M ops/s

2026-08-03 07:44:46 UTC
963ec35 [genie] KD-U-MIX-r1 — 11.342M ops/s

2026-08-03 07:47:50 UTC
ca527c0 [genie] KD-Z-MIX-r1 — 7.432M ops/s

2026-08-03 07:50:24 UTC
c5bcf58 [genie] KD-U-GET-r2 — 13.782M ops/s

2026-08-03 07:53:28 UTC
05d5731 [genie] KD-Z-GET-r2 — 12.645M ops/s

2026-08-03 07:56:01 UTC
fe6a842 [genie] KD-U-MIX-r2 — 11.433M ops/s

2026-08-03 07:59:05 UTC
d61c796 [genie] KD-Z-MIX-r2 — 7.551M ops/s

2026-08-03 08:04:12 UTC
53f342d [ariel] Contract failure confirmed: two cells reproduce within 1%
9281d2b [genie] KD-Z-MIX-r3 — 7.503M ops/s

2026-08-03 08:07:16 UTC
c210ef5 [genie] KD-T-MIX-050-r1 — 11.393M ops/s

2026-08-03 08:09:49 UTC
e954d49 [genie] KD-T-MIX-075-r1 — 11.224M ops/s

2026-08-03 08:12:53 UTC
8f040c7 [ariel] Theta sweep: the contract breaks between 0.75 and 0.90
3ae5bb1 [genie] KD-T-MIX-090-r1 — 9.591M ops/s

2026-08-04 04:45:16 UTC
cf37f93 [genie] KD-T-MIX-090-r2 — 9.280M ops/s

2026-08-04 04:45:47 UTC
5bace90 [genie] KD-T-MIX-090-r2 ran on the new binary; not comparable to r1

2026-08-04 05:12:21 UTC
a5f6dad [genie] BD-PROF-ON-GET-r1 — 13.245M ops/s

2026-08-04 05:15:25 UTC
b2ab967 [genie] BD-PROF-ON-MIX-r1 — 10.926M ops/s

2026-08-04 05:20:32 UTC
0ddbeaf [genie] BD-PROF-OFF-GET-r1 — 13.840M ops/s

2026-08-04 05:23:05 UTC
205fff2 [genie] BD-PROF-OFF-MIX-r1 — 11.393M ops/s

2026-08-04 05:40:27 UTC
2f73a84 [genie] BD-PIPE-1-r1 — 0.574M ops/s

2026-08-04 05:43:01 UTC
dbb001a [genie] BD-PIPE-8-r1 — 3.421M ops/s

2026-08-04 05:45:34 UTC
495e418 [genie] BD-PIPE-32-r1 — 7.663M ops/s

2026-08-04 05:48:38 UTC
64d2977 [genie] BD-PIPE-128-r1 — 12.668M ops/s

2026-08-04 05:51:11 UTC
156ad69 [genie] BD-PIPE-256-r1 — 13.242M ops/s

2026-08-04 06:20:49 UTC
96477e0 genie: BD-PIPE 5 cells done + pipe label correction; knee is 128-256

2026-08-04 06:22:51 UTC
247d549 [genie] C-1 blocked: server not answering on 11411 (link up, no load sent)

2026-08-04 06:25:55 UTC
92b4bc3 [genie] running C-1 fill-in now (15 min); hold A16-1 arming

2026-08-04 06:27:27 UTC
6d42860 [genie] C1-64-GET-r1 — 10.027M ops/s

2026-08-04 06:29:29 UTC
7c137a3 Merge branch 'main' of https://github.com/Boo-seon-woong/memcached-1.6.42-port_v4
5572adc [ariel] md/LATENCY_BREAKDOWN.md: where the other 99% of client latency goes

2026-08-04 06:30:00 UTC
5b4d1b4 [genie] C1-64-MIX-r1 — 8.541M ops/s

2026-08-04 06:32:33 UTC
fde79c7 [genie] C1-64-SET-r1 — 5.603M ops/s

2026-08-04 06:34:36 UTC
79025dc [genie] C1-384-GET-r1 — 13.022M ops/s

2026-08-04 06:37:10 UTC
406e4a3 [genie] C1-384-MIX-r1 — 10.115M ops/s

2026-08-04 06:39:43 UTC
f9cf492 [genie] C1-384-SET-r1 — 5.754M ops/s

2026-08-04 06:41:46 UTC
dedaf31 [genie] C-1 closed: 256 is the measured peak, 384 regresses; MIX/SET curves differ and 128-MIX is unmeasured

2026-08-04 06:42:16 UTC
dbdbd42 Merge branch 'main' of https://github.com/Boo-seon-woong/memcached-1.6.42-port_v4
6deaccd [ariel] A16-1 armed; requesting W1/W2/W3
f8b71ea [ariel] Fix two silent percentile defects before experiment A

2026-08-04 06:44:49 UTC
40c8fd3 [genie] A16-1 running; my fingerprint cannot tell A cells apart -- request nqp/ORD/read_slots in stats

2026-08-04 06:45:20 UTC
55e156a [genie] A16-1-GET-r1 — 12.737M ops/s

2026-08-04 06:46:52 UTC
a60c224 Merge branch 'main' of https://github.com/Boo-seon-woong/memcached-1.6.42-port_v4
8b7ad5f [ariel] Expose nqp, ord_limit and read_slots in stats -- A cells were indistinguishable

2026-08-04 06:47:54 UTC
d986da8 [genie] A16-1-MIX-r1 — 10.670M ops/s

2026-08-04 06:50:27 UTC
104747d [genie] A16-1-SET-r1 — 5.791M ops/s

2026-08-04 06:50:58 UTC
59797e0 [genie] A16-1 done: 12.737/10.670/5.791 M; SET is flat across every axis so far

2026-08-04 06:55:04 UTC
b2d473f [genie] A16-2-GET-r1 — 12.895M ops/s

2026-08-04 06:57:37 UTC
3621ac5 [genie] A16-2-MIX-r1 — 10.741M ops/s

2026-08-04 06:59:40 UTC
6fcdb2c [genie] A16-2-SET-r1 — 5.743M ops/s

2026-08-04 07:00:41 UTC
a79f2ed [genie] A16-2 done: within noise of A16-1 -- total matters, shape does not (2 of 5)

2026-08-04 07:03:45 UTC
911171d [genie] coverage -3.67% is not the reset race -- magnitude is off by 6 orders; looks like one worker missing from the aggregate

2026-08-04 07:04:47 UTC
1a6769a [genie] A16-3-GET-r1 — 12.671M ops/s

2026-08-04 07:07:20 UTC
6da9923 [genie] A16-3-MIX-r1 — 10.627M ops/s
5c671d5 [genie] A16-3 vs operating point changes W too -- depth is not isolated; within-row comparison says neither axis matters

2026-08-04 07:09:53 UTC
8302a78 [genie] A16-3-SET-r1 — 5.755M ops/s

2026-08-04 07:10:24 UTC
bbf521f [genie] A16-3 done; row 16 flat across all three workloads (3 of 5)

2026-08-04 07:13:59 UTC
793ee03 [genie] A16-4-GET-r1 — 11.937M ops/s

2026-08-04 07:16:01 UTC
0f7395b [genie] A16-4-MIX-r1 — 10.056M ops/s

2026-08-04 07:18:35 UTC
e6c46f1 [genie] A16-4-SET-r1 — 5.659M ops/s

2026-08-04 07:20:07 UTC
3476eef [genie] A16-4 done: GET/MIX both -6%, SET only -1.8%; A128-1 will separate QP-count from depth for free

2026-08-04 07:22:10 UTC
79550ef [genie] FULL STOP by operator -- all genie load down, server untouched, A16-5 must be redone

2026-08-04 07:26:45 UTC
fb96022 Merge branch 'main' of https://github.com/Boo-seon-woong/memcached-1.6.42-port_v4
be88f97 [ariel] shape-20260804: write up what was measured before genie stopped

2026-08-04 07:28:18 UTC
5373476 [genie] post scales with pipeline -- makes the LATENCY_BREAKDOWN 4 recommendation much stronger for SET

2026-08-04 11:03:24 UTC
0039ec4 Merge branch 'main' of https://github.com/Boo-seon-woong/memcached-1.6.42-port_v4
6482dee [ariel] experiments/osdi-0804: plan for the three OSDI experiments

2026-08-04 11:05:27 UTC
0a615a0 [genie] OSDI plan review: stock-ratio uses PROF-on numbers (80.9% should be 84.3%); pipeline table gaps fillable from existing raws; hit-rate question

2026-08-04 11:44:47 UTC
b33e3fd Merge branch 'main' of https://github.com/Boo-seon-woong/memcached-1.6.42-port_v4
90aa1f4 [ariel] exp1 stock side measured co-located; four findings, none of them the table

2026-08-04 11:46:50 UTC
02a38ed [genie] stock review: Little holds on all 7 co-loc points; exp1 is missing the port column at YCSB A/B ratios, not the stock side

2026-08-05 01:51:50 UTC
163f8ad Merge branch 'main' of https://github.com/Boo-seon-woong/memcached-1.6.42-port_v4
632bc91 [ariel] EXTENDED_SPAN_DIAGNOSIS: explain the v3 problem from the workflow up

2026-08-05 01:53:22 UTC
42ed10f [genie] post is 6.6% structural / 93.4% saturation -- fixing g_ret_head buys +1.0% at the operating point, but halves srv at low load

2026-08-05 03:46:53 UTC
f9e63aa Merge branch 'main' of https://github.com/Boo-seon-woong/memcached-1.6.42-port_v4
a437264 [ariel] Pin down the span definition: fix the version the server reports, and state it once

2026-08-05 05:58:44 UTC
6cc5579 md remodified

2026-08-05 06:01:18 UTC
13ce157 [genie] 6cc5579 committed build artifacts and .monitor state -- add .gitignore, do NOT use git rm --cached (that broke ariel's watcher in v3)

2026-08-05 06:11:01 UTC
6b1cf94 Merge branch 'main' of https://github.com/Boo-seon-woong/memcached-1.6.42-port_v4
7a1dc89 [ariel] osdi-0804: add exp4, the batching axis

2026-08-05 06:12:33 UTC
35bb3cf [genie] exp4: client avg reconstructs from throughput within 3%, so the 10 configs need re-running for p99/breakdown only; item 3 is an identity, not a prediction

2026-08-05 06:19:12 UTC
77c86bb Merge branch 'main' of https://github.com/Boo-seon-woong/memcached-1.6.42-port_v4
143d354 [ariel] ret is a probe, not a deferral -- fix the prose that said otherwise

2026-08-05 07:10:19 UTC
e30d08c [genie] KTC report contains its own validation of the L=N/X reconstruction (7.21 vs 7.45 ms); v3->v4 client-side improvement is statable: +11.0% throughput, -8.8% latency

2026-08-05 07:24:39 UTC
273bb81 md remodified

2026-08-05 10:02:05 UTC
2b06d92 [genie] 30s windows carry a 1.7% ramp bias -- cross-comparing against 60s/120s cells is a 0.83-1.24%p systematic, not noise

